// Jest Snapshot v1, https://goo.gl/fbAQLP

exports[`StoreFront Rendering renders component correctly 1`] = `ShallowWrapper {}`;
