// Jest Snapshot v1, https://goo.gl/fbAQLP

exports[`ProductCard Rendering renders component correctly 1`] = `ShallowWrapper {}`;
